SPUAssembly v2.3.0r a.spus -> a.spub
26    ->    35 | 10  | push <3.14159>                           |  0  1 6e 86 1b f0 f9 21  9 40 
36    ->    45 | 10  | pop <[0]>                                |  1  5  0  0  0  0  0  0  0  0 
46    ->    50 | 5   | jmp <giveYouUp_guard>                    |  f 9e  1  0  0 
x     ->     x | 0   | giveYouUp:                | 
51    ->    60 | 10  | push <20>                                |  0  1  0  0  0  0  0  0 34 40 
61    ->    71 | 11  | pop <[rex+0]>                            |  1  7  0  0  0  0  0  0  0  0  4 
72    ->    81 | 10  | push <20>                                |  0  1  0  0  0  0  0  0 34 40 
82    ->    92 | 11  | pop <[rex+1]>                            |  1  7  0  0  0  0  0  0 f0 3f  4 
93    ->   102 | 10  | push <6>                                 |  0  1  0  0  0  0  0  0 18 40 
103   ->   113 | 11  | pop <[rex+2]>                            |  1  7  0  0  0  0  0  0  0 40  4 
114   ->   118 | 5   | call <drawCircle>                        | 19 5f  1  0  0 
119   ->   128 | 10  | push <20>                                |  0  1  0  0  0  0  0  0 34 40 
129   ->   139 | 11  | pop <[rex+0]>                            |  1  7  0  0  0  0  0  0  0  0  4 
140   ->   149 | 10  | push <20>                                |  0  1  0  0  0  0  0  0 34 40 
150   ->   160 | 11  | pop <[rex+1]>                            |  1  7  0  0  0  0  0  0 f0 3f  4 
161   ->   170 | 10  | push <2>                                 |  0  1  0  0  0  0  0  0  0 40 
171   ->   181 | 11  | pop <[rex+2]>                            |  1  7  0  0  0  0  0  0  0 40  4 
182   ->   186 | 5   | call <drawCircle>                        | 19 1b  1  0  0 
187   ->   196 | 10  | push <40>                                |  0  1  0  0  0  0  0  0 44 40 
197   ->   207 | 11  | pop <[rex+0]>                            |  1  7  0  0  0  0  0  0  0  0  4 
208   ->   217 | 10  | push <10>                                |  0  1  0  0  0  0  0  0 24 40 
218   ->   228 | 11  | pop <[rex+1]>                            |  1  7  0  0  0  0  0  0 f0 3f  4 
229   ->   238 | 10  | push <3>                                 |  0  1  0  0  0  0  0  0  8 40 
239   ->   249 | 11  | pop <[rex+2]>                            |  1  7  0  0  0  0  0  0  0 40  4 
250   ->   254 | 5   | call <drawCircle>                        | 19 d7  0  0  0 
255   ->   264 | 10  | push <30>                                |  0  1  0  0  0  0  0  0 3e 40 
265   ->   275 | 11  | pop <[rex+0]>                            |  1  7  0  0  0  0  0  0  0  0  4 
276   ->   285 | 10  | push <10>                                |  0  1  0  0  0  0  0  0 24 40 
286   ->   296 | 11  | pop <[rex+1]>                            |  1  7  0  0  0  0  0  0 f0 3f  4 
297   ->   306 | 10  | push <8>                                 |  0  1  0  0  0  0  0  0 20 40 
307   ->   317 | 11  | pop <[rex+2]>                            |  1  7  0  0  0  0  0  0  0 40  4 
318   ->   322 | 5   | call <drawCircle>                        | 19 93  0  0  0 
323   ->   332 | 10  | push <50>                                |  0  1  0  0  0  0  0  0 49 40 
333   ->   343 | 11  | pop <[rex+0]>                            |  1  7  0  0  0  0  0  0  0  0  4 
344   ->   353 | 10  | push <10>                                |  0  1  0  0  0  0  0  0 24 40 
354   ->   364 | 11  | pop <[rex+1]>                            |  1  7  0  0  0  0  0  0 f0 3f  4 
365   ->   374 | 10  | push <2>                                 |  0  1  0  0  0  0  0  0  0 40 
375   ->   385 | 11  | pop <[rex+2]>                            |  1  7  0  0  0  0  0  0  0 40  4 
386   ->   390 | 5   | call <drawCircle>                        | 19 4f  0  0  0 
391   ->   400 | 10  | push <50>                                |  0  1  0  0  0  0  0  0 49 40 
401   ->   411 | 11  | pop <[rex+0]>                            |  1  7  0  0  0  0  0  0  0  0  4 
412   ->   421 | 10  | push <15>                                |  0  1  0  0  0  0  0  0 2e 40 
422   ->   432 | 11  | pop <[rex+1]>                            |  1  7  0  0  0  0  0  0 f0 3f  4 
433   ->   442 | 10  | push <7>                                 |  0  1  0  0  0  0  0  0 1c 40 
443   ->   453 | 11  | pop <[rex+2]>                            |  1  7  0  0  0  0  0  0  0 40  4 
454   ->   458 | 5   | call <drawCircle>                        | 19  b  0  0  0 
459   ->   459 | 1   | ret                                      | 1a 
x     ->     x | 0   | giveYouUp_guard:          | 
460   ->   464 | 5   | jmp <drawCircle_guard>                   |  f 37  2  0  0 
x     ->     x | 0   | drawCircle:               | 
465   ->   474 | 10  | push <0>                                 |  0  1  0  0  0  0  0  0  0  0 
475   ->   485 | 11  | pop <[rex+3]>                            |  1  7  0  0  0  0  0  0  8 40  4 
486   ->   495 | 10  | push <0.005>                             |  0  1 7b 14 ae 47 e1 7a 74 3f 
496   ->   506 | 11  | pop <[rex+4]>                            |  1  7  0  0  0  0  0  0 10 40  4 
507   ->   516 | 10  | push <46>                                |  0  1  0  0  0  0  0  0 47 40 
517   ->   527 | 11  | pop <[rex+5]>                            |  1  7  0  0  0  0  0  0 14 40  4 
x     ->     x | 0   | lbl_17_6_begin__IAOLN:    | 
528   ->   538 | 11  | push <[rex+3]>                           |  0  7  0  0  0  0  0  0  8 40  4 
539   ->   548 | 10  | push <[0]>                               |  0  5  0  0  0  0  0  0  0  0 
549   ->   558 | 10  | push <2>                                 |  0  1  0  0  0  0  0  0  0 40 
559   ->   559 | 1   | div                                      |  8 
560   ->   560 | 1   | le                                       | 24 
561   ->   570 | 10  | push <0>                                 |  0  1  0  0  0  0  0  0  0  0 
571   ->   575 | 5   | je <lbl_17_6_cont__HBRCK>                | 12 c7  1  0  0 
576   ->   585 | 10  | push <6>                                 |  0  1  0  0  0  0  0  0 18 40 
586   ->   588 | 3   | push <rex>                               |  0  2  4 
589   ->   589 | 1   | add                                      |  5 
590   ->   592 | 3   | pop <rex>                                |  1  2  4 
593   ->   603 | 11  | push <[rex-3]>                           |  0  7  0  0  0  0  0  0  8 c0  4 
604   ->   604 | 1   | sin                                      |  9 
605   ->   614 | 10  | push <2>                                 |  0  1  0  0  0  0  0  0  0 40 
615   ->   615 | 1   | mul                                      |  7 
616   ->   626 | 11  | push <[rex-4]>                           |  0  7  0  0  0  0  0  0 10 c0  4 
627   ->   627 | 1   | mul                                      |  7 
628   ->   638 | 11  | pop <[rex+0]>                            |  1  7  0  0  0  0  0  0  0  0  4 
639   ->   649 | 11  | push <[rex-3]>                           |  0  7  0  0  0  0  0  0  8 c0  4 
650   ->   650 | 1   | cos                                      |  a 
651   ->   661 | 11  | push <[rex-4]>                           |  0  7  0  0  0  0  0  0 10 c0  4 
662   ->   662 | 1   | mul                                      |  7 
663   ->   673 | 11  | pop <[rex+1]>                            |  1  7  0  0  0  0  0  0 f0 3f  4 
674   ->   684 | 11  | push <[rex-6]>                           |  0  7  0  0  0  0  0  0 18 c0  4 
685   ->   695 | 11  | push <[rex+0]>                           |  0  7  0  0  0  0  0  0  0  0  4 
696   ->   696 | 1   | add                                      |  5 
697   ->   699 | 3   | pop <rax>                                |  1  2  0 
700   ->   710 | 11  | push <[rex-5]>                           |  0  7  0  0  0  0  0  0 14 c0  4 
711   ->   721 | 11  | push <[rex+1]>                           |  0  7  0  0  0  0  0  0 f0 3f  4 
722   ->   722 | 1   | add                                      |  5 
723   ->   725 | 3   | pop <rbx>                                |  1  2  1 
726   ->   736 | 11  | push <[rex-1]>                           |  0  7  0  0  0  0  0  0 f0 bf  4 
737   ->   739 | 3   | pop <rcx>                                |  1  2  2 
740   ->   746 | 7   | pixset <rax><rbx><rcx>                   | 1f  2  0  2  1  2  2 
747   ->   747 | 1   | rend                                     | 1c 
748   ->   758 | 11  | push <[rex-6]>                           |  0  7  0  0  0  0  0  0 18 c0  4 
759   ->   769 | 11  | push <[rex+0]>                           |  0  7  0  0  0  0  0  0  0  0  4 
770   ->   770 | 1   | sub                                      |  6 
771   ->   773 | 3   | pop <rax>                                |  1  2  0 
774   ->   784 | 11  | push <[rex-5]>                           |  0  7  0  0  0  0  0  0 14 c0  4 
785   ->   795 | 11  | push <[rex+1]>                           |  0  7  0  0  0  0  0  0 f0 3f  4 
796   ->   796 | 1   | add                                      |  5 
797   ->   799 | 3   | pop <rbx>                                |  1  2  1 
800   ->   810 | 11  | push <[rex-1]>                           |  0  7  0  0  0  0  0  0 f0 bf  4 
811   ->   813 | 3   | pop <rcx>                                |  1  2  2 
814   ->   820 | 7   | pixset <rax><rbx><rcx>                   | 1f  2  0  2  1  2  2 
821   ->   821 | 1   | rend                                     | 1c 
822   ->   832 | 11  | push <[rex-6]>                           |  0  7  0  0  0  0  0  0 18 c0  4 
833   ->   843 | 11  | push <[rex+0]>                           |  0  7  0  0  0  0  0  0  0  0  4 
844   ->   844 | 1   | sub                                      |  6 
845   ->   847 | 3   | pop <rax>                                |  1  2  0 
848   ->   858 | 11  | push <[rex-5]>                           |  0  7  0  0  0  0  0  0 14 c0  4 
859   ->   869 | 11  | push <[rex+1]>                           |  0  7  0  0  0  0  0  0 f0 3f  4 
870   ->   870 | 1   | sub                                      |  6 
871   ->   873 | 3   | pop <rbx>                                |  1  2  1 
874   ->   884 | 11  | push <[rex-1]>                           |  0  7  0  0  0  0  0  0 f0 bf  4 
885   ->   887 | 3   | pop <rcx>                                |  1  2  2 
888   ->   894 | 7   | pixset <rax><rbx><rcx>                   | 1f  2  0  2  1  2  2 
895   ->   895 | 1   | rend                                     | 1c 
896   ->   906 | 11  | push <[rex-6]>                           |  0  7  0  0  0  0  0  0 18 c0  4 
907   ->   917 | 11  | push <[rex+0]>                           |  0  7  0  0  0  0  0  0  0  0  4 
918   ->   918 | 1   | add                                      |  5 
919   ->   921 | 3   | pop <rax>                                |  1  2  0 
922   ->   932 | 11  | push <[rex-5]>                           |  0  7  0  0  0  0  0  0 14 c0  4 
933   ->   943 | 11  | push <[rex+1]>                           |  0  7  0  0  0  0  0  0 f0 3f  4 
944   ->   944 | 1   | sub                                      |  6 
945   ->   947 | 3   | pop <rbx>                                |  1  2  1 
948   ->   958 | 11  | push <[rex-1]>                           |  0  7  0  0  0  0  0  0 f0 bf  4 
959   ->   961 | 3   | pop <rcx>                                |  1  2  2 
962   ->   968 | 7   | pixset <rax><rbx><rcx>                   | 1f  2  0  2  1  2  2 
969   ->   969 | 1   | rend                                     | 1c 
970   ->   980 | 11  | push <[rex-2]>                           |  0  7  0  0  0  0  0  0  0 c0  4 
981   ->   991 | 11  | push <[rex-3]>                           |  0  7  0  0  0  0  0  0  8 c0  4 
992   ->   992 | 1   | add                                      |  5 
993   ->  1003 | 11  | pop <[rex-3]>                            |  1  7  0  0  0  0  0  0  8 c0  4 
1004  ->  1006 | 3   | push <rex>                               |  0  2  4 
1007  ->  1016 | 10  | push <6>                                 |  0  1  0  0  0  0  0  0 18 40 
1017  ->  1017 | 1   | sub                                      |  6 
1018  ->  1020 | 3   | pop <rex>                                |  1  2  4 
1021  ->  1025 | 5   | jmp <lbl_17_6_begin__IAOLN>              |  f 13 fe ff ff 
x     ->     x | 0   | lbl_17_6_cont__HBRCK:     | 
1026  ->  1026 | 1   | ret                                      | 1a 
x     ->     x | 0   | drawCircle_guard:         | 
1027  ->  1038 | 12  | mov <rex><1>                             | 1b  2  4  1  0  0  0  0  0  0 f0 3f 
1039  ->  1043 | 5   | call <giveYouUp>                         | 19 24 fc ff ff 
1044  ->  1044 | 1   | hlt                                      |  d 
