SPUAssembly v2.3.0r a.spus -> a.spub
26    ->    30 | 5   | jmp <fact_guard>          |  f 89  0  0  0 
x     ->     x | 0   | fact:                     | 
31    ->    41 | 11  | push <[rex+0]>            |  0  7  0  0  0  0  0  0  0  0  4 
42    ->    51 | 10  | push <1>                  |  0  1  0  0  0  0  0  0 f0 3f 
52    ->    52 | 1   | leq                       | 25 
53    ->    62 | 10  | push <0>                  |  0  1  0  0  0  0  0  0  0  0 
63    ->    67 | 5   | je <lbl_1_6_else__IAOLN>  | 12 21  0  0  0 
68    ->    70 | 3   | inc <rex>                 | 17  2  4 
71    ->    80 | 10  | push <1>                  |  0  1  0  0  0  0  0  0 f0 3f 
81    ->    83 | 3   | dec <rex>                 | 18  2  4 
84    ->    86 | 3   | pop <rax>                 |  1  2  0 
87    ->    87 | 1   | ret                       | 1a 
88    ->    90 | 3   | dec <rex>                 | 18  2  4 
91    ->    95 | 5   | jmp <lbl_1_6_cont__HBRCK> |  f 47  0  0  0 
x     ->     x | 0   | lbl_1_6_else__IAOLN:      | 
96    ->    98 | 3   | inc <rex>                 | 17  2  4 
99    ->   109 | 11  | push <[rex-1]>            |  0  7  0  0  0  0  0  0 f0 bf  4 
110   ->   119 | 10  | push <1>                  |  0  1  0  0  0  0  0  0 f0 3f 
120   ->   120 | 1   | sub                       |  6 
121   ->   131 | 11  | pop <[rex+0]>             |  1  7  0  0  0  0  0  0  0  0  4 
132   ->   136 | 5   | call <fact>               | 19 9b ff ff ff 
137   ->   139 | 3   | push <rax>                |  0  2  0 
140   ->   150 | 11  | push <[rex-1]>            |  0  7  0  0  0  0  0  0 f0 bf  4 
151   ->   151 | 1   | mul                       |  7 
152   ->   154 | 3   | dec <rex>                 | 18  2  4 
155   ->   157 | 3   | pop <rax>                 |  1  2  0 
158   ->   158 | 1   | ret                       | 1a 
159   ->   161 | 3   | dec <rex>                 | 18  2  4 
x     ->     x | 0   | lbl_1_6_cont__HBRCK:      | 
162   ->   162 | 1   | ret                       | 1a 
x     ->     x | 0   | fact_guard:               | 
163   ->   167 | 5   | jmp <giveYouUp_guard>     |  f 1f  0  0  0 
x     ->     x | 0   | giveYouUp:                | 
168   ->   169 | 2   | in                        |  2  0 
170   ->   180 | 11  | pop <[rex+0]>             |  1  7  0  0  0  0  0  0  0  0  4 
181   ->   185 | 5   | call <fact>               | 19 6a ff ff ff 
186   ->   188 | 3   | push <rax>                |  0  2  0 
189   ->   190 | 2   | out                       |  e  0 
191   ->   192 | 2   | pop                       |  1  0 
193   ->   193 | 1   | ret                       | 1a 
x     ->     x | 0   | giveYouUp_guard:          | 
194   ->   205 | 12  | mov <rex><0>              | 1b  2  4  1  0  0  0  0  0  0  0  0 
206   ->   210 | 5   | call <giveYouUp>          | 19 da ff ff ff 
211   ->   211 | 1   | hlt                       |  d 
