SPUAssembly v2.3.0r a.spus -> a.spub
26    ->    30 | 5   | jmp <giveYouUp_guard>                    |  f 1f  0  0  0 
x     ->     x | 0   | giveYouUp:                | 
31    ->    32 | 2   | in                                       |  2  0 
33    ->    43 | 11  | pop <[rex+0]>                            |  1  7  0  0  0  0  0  0  0  0  4 
44    ->    48 | 5   | call <fact>                              | 19 12  0  0  0 
49    ->    51 | 3   | push <rax>                               |  0  2  0 
52    ->    53 | 2   | out                                      |  e  0 
54    ->    55 | 2   | pop                                      |  1  0 
56    ->    56 | 1   | ret                                      | 1a 
x     ->     x | 0   | giveYouUp_guard:          | 
57    ->    61 | 5   | jmp <fact_guard>                         |  f 89  0  0  0 
x     ->     x | 0   | fact:                     | 
62    ->    72 | 11  | push <[rex+0]>                           |  0  7  0  0  0  0  0  0  0  0  4 
73    ->    82 | 10  | push <1>                                 |  0  1  0  0  0  0  0  0 f0 3f 
83    ->    83 | 1   | leq                                      | 25 
84    ->    93 | 10  | push <0>                                 |  0  1  0  0  0  0  0  0  0  0 
94    ->    98 | 5   | je <lbl_5_6_else__IAOLN>                 | 12 21  0  0  0 
99    ->   101 | 3   | inc <rex>                                | 17  2  4 
102   ->   111 | 10  | push <1>                                 |  0  1  0  0  0  0  0  0 f0 3f 
112   ->   114 | 3   | dec <rex>                                | 18  2  4 
115   ->   117 | 3   | pop <rax>                                |  1  2  0 
118   ->   118 | 1   | ret                                      | 1a 
119   ->   121 | 3   | dec <rex>                                | 18  2  4 
122   ->   126 | 5   | jmp <lbl_5_6_cont__HBRCK>                |  f 47  0  0  0 
x     ->     x | 0   | lbl_5_6_else__IAOLN:      | 
127   ->   129 | 3   | inc <rex>                                | 17  2  4 
130   ->   140 | 11  | push <[rex-1]>                           |  0  7  0  0  0  0  0  0 f0 bf  4 
141   ->   150 | 10  | push <1>                                 |  0  1  0  0  0  0  0  0 f0 3f 
151   ->   151 | 1   | sub                                      |  6 
152   ->   162 | 11  | pop <[rex+0]>                            |  1  7  0  0  0  0  0  0  0  0  4 
163   ->   167 | 5   | call <fact>                              | 19 9b ff ff ff 
168   ->   170 | 3   | push <rax>                               |  0  2  0 
171   ->   181 | 11  | push <[rex-1]>                           |  0  7  0  0  0  0  0  0 f0 bf  4 
182   ->   182 | 1   | mul                                      |  7 
183   ->   185 | 3   | dec <rex>                                | 18  2  4 
186   ->   188 | 3   | pop <rax>                                |  1  2  0 
189   ->   189 | 1   | ret                                      | 1a 
190   ->   192 | 3   | dec <rex>                                | 18  2  4 
x     ->     x | 0   | lbl_5_6_cont__HBRCK:      | 
193   ->   193 | 1   | ret                                      | 1a 
x     ->     x | 0   | fact_guard:               | 
194   ->   205 | 12  | mov <rex><0>                             | 1b  2  4  1  0  0  0  0  0  0  0  0 
206   ->   210 | 5   | call <giveYouUp>                         | 19 51 ff ff ff 
211   ->   211 | 1   | hlt                                      |  d 
