SPUAssembly v2.3.0r a.spus -> a.spub
26    ->    30 | 5   | jmp <one_sol_1args_guard>                |  f 23  0  0  0 
x     ->     x | 0   | one_sol_1args:            | 
31    ->    40 | 10  | push <1>                                 |  0  1  0  0  0  0  0  0 f0 3f 
41    ->    42 | 2   | out                                      |  e  0 
43    ->    44 | 2   | pop                                      |  1  0 
45    ->    55 | 11  | push <[rex+0]>                           |  0  7  0  0  0  0  0  0  0  0  4 
56    ->    57 | 2   | out                                      |  e  0 
58    ->    59 | 2   | pop                                      |  1  0 
60    ->    60 | 1   | ret                                      | 1a 
x     ->     x | 0   | one_sol_1args_guard:      | 
61    ->    65 | 5   | jmp <two_sol_2args_guard>                |  f 32  0  0  0 
x     ->     x | 0   | two_sol_2args:            | 
66    ->    75 | 10  | push <2>                                 |  0  1  0  0  0  0  0  0  0 40 
76    ->    77 | 2   | out                                      |  e  0 
78    ->    79 | 2   | pop                                      |  1  0 
80    ->    90 | 11  | push <[rex+0]>                           |  0  7  0  0  0  0  0  0  0  0  4 
91    ->    92 | 2   | out                                      |  e  0 
93    ->    94 | 2   | pop                                      |  1  0 
95    ->   105 | 11  | push <[rex+1]>                           |  0  7  0  0  0  0  0  0 f0 3f  4 
106   ->   107 | 2   | out                                      |  e  0 
108   ->   109 | 2   | pop                                      |  1  0 
110   ->   110 | 1   | ret                                      | 1a 
x     ->     x | 0   | two_sol_2args_guard:      | 
111   ->   115 | 5   | jmp <no_sol_0args_guard>                 |  f 14  0  0  0 
x     ->     x | 0   | no_sol_0args:             | 
116   ->   125 | 10  | push <0>                                 |  0  1  0  0  0  0  0  0  0  0 
126   ->   127 | 2   | out                                      |  e  0 
128   ->   129 | 2   | pop                                      |  1  0 
130   ->   130 | 1   | ret                                      | 1a 
x     ->     x | 0   | no_sol_0args_guard:       | 
131   ->   135 | 5   | jmp <inf_sol_0args_guard>                |  f 2a  0  0  0 
x     ->     x | 0   | inf_sol_0args:            | 
136   ->   145 | 10  | push <1>                                 |  0  1  0  0  0  0  0  0 f0 3f 
146   ->   155 | 10  | push <-1>                                |  0  1  0  0  0  0  0  0 f0 bf 
156   ->   156 | 1   | mul                                      |  7 
157   ->   166 | 10  | push <1>                                 |  0  1  0  0  0  0  0  0 f0 3f 
167   ->   167 | 1   | mul                                      |  7 
168   ->   169 | 2   | out                                      |  e  0 
170   ->   171 | 2   | pop                                      |  1  0 
172   ->   172 | 1   | ret                                      | 1a 
x     ->     x | 0   | inf_sol_0args_guard:      | 
173   ->   177 | 5   | jmp <giveYouUp_0args_guard>              |  f 77  3  0  0 
x     ->     x | 0   | giveYouUp_0args:          | 
178   ->   179 | 2   | in                                       |  2  0 
180   ->   190 | 11  | pop <[rex+0]>                            |  1  7  0  0  0  0  0  0  0  0  4 
191   ->   192 | 2   | in                                       |  2  0 
193   ->   203 | 11  | pop <[rex+1]>                            |  1  7  0  0  0  0  0  0 f0 3f  4 
204   ->   205 | 2   | in                                       |  2  0 
206   ->   216 | 11  | pop <[rex+2]>                            |  1  7  0  0  0  0  0  0  0 40  4 
217   ->   227 | 11  | push <[rex+0]>                           |  0  7  0  0  0  0  0  0  0  0  4 
228   ->   237 | 10  | push <0>                                 |  0  1  0  0  0  0  0  0  0  0 
238   ->   238 | 1   | eq                                       | 27 
239   ->   248 | 10  | push <0>                                 |  0  1  0  0  0  0  0  0  0  0 
249   ->   253 | 5   | je <lbl_29_6_cont__HBRCK>                | 12  a  1  0  0 
254   ->   263 | 10  | push <3>                                 |  0  1  0  0  0  0  0  0  8 40 
264   ->   266 | 3   | push <rex>                               |  0  2  4 
267   ->   267 | 1   | add                                      |  5 
268   ->   270 | 3   | pop <rex>                                |  1  2  4 
271   ->   281 | 11  | push <[rex-2]>                           |  0  7  0  0  0  0  0  0  0 c0  4 
282   ->   291 | 10  | push <0>                                 |  0  1  0  0  0  0  0  0  0  0 
292   ->   292 | 1   | eq                                       | 27 
293   ->   302 | 10  | push <0>                                 |  0  1  0  0  0  0  0  0  0  0 
303   ->   307 | 5   | je <lbl_30_10_else__XHBQE>               | 12 6e  0  0  0 
308   ->   318 | 11  | push <[rex-1]>                           |  0  7  0  0  0  0  0  0 f0 bf  4 
319   ->   328 | 10  | push <0>                                 |  0  1  0  0  0  0  0  0  0  0 
329   ->   329 | 1   | eq                                       | 27 
330   ->   339 | 10  | push <0>                                 |  0  1  0  0  0  0  0  0  0  0 
340   ->   344 | 5   | je <lbl_31_14_else__VDGIH>               | 12 27  0  0  0 
345   ->   349 | 5   | call <inf_sol_0args>                     | 19 2f ff ff ff 
350   ->   352 | 3   | push <rax>                               |  0  2  0 
353   ->   355 | 3   | push <rex>                               |  0  2  4 
356   ->   365 | 10  | push <3>                                 |  0  1  0  0  0  0  0  0  8 40 
366   ->   366 | 1   | sub                                      |  6 
367   ->   369 | 3   | pop <rex>                                |  1  2  4 
370   ->   372 | 3   | pop <rax>                                |  1  2  0 
373   ->   373 | 1   | ret                                      | 1a 
374   ->   378 | 5   | jmp <lbl_31_14_cont__PBVFQ>              |  f 22  0  0  0 
x     ->     x | 0   | lbl_31_14_else__VDGIH:    | 
379   ->   383 | 5   | call <no_sol_0args>                      | 19 f9 fe ff ff 
384   ->   386 | 3   | push <rax>                               |  0  2  0 
387   ->   389 | 3   | push <rex>                               |  0  2  4 
390   ->   399 | 10  | push <3>                                 |  0  1  0  0  0  0  0  0  8 40 
400   ->   400 | 1   | sub                                      |  6 
401   ->   403 | 3   | pop <rex>                                |  1  2  4 
404   ->   406 | 3   | pop <rax>                                |  1  2  0 
407   ->   407 | 1   | ret                                      | 1a 
x     ->     x | 0   | lbl_31_14_cont__PBVFQ:    | 
408   ->   412 | 5   | jmp <lbl_30_10_cont__AFMCD>              |  f 5a  0  0  0 
x     ->     x | 0   | lbl_30_10_else__XHBQE:    | 
413   ->   422 | 10  | push <1>                                 |  0  1  0  0  0  0  0  0 f0 3f 
423   ->   432 | 10  | push <-1>                                |  0  1  0  0  0  0  0  0 f0 bf 
433   ->   433 | 1   | mul                                      |  7 
434   ->   444 | 11  | push <[rex-1]>                           |  0  7  0  0  0  0  0  0 f0 bf  4 
445   ->   445 | 1   | mul                                      |  7 
446   ->   456 | 11  | push <[rex-2]>                           |  0  7  0  0  0  0  0  0  0 c0  4 
457   ->   457 | 1   | div                                      |  8 
458   ->   468 | 11  | pop <[rex+0]>                            |  1  7  0  0  0  0  0  0  0  0  4 
469   ->   473 | 5   | call <one_sol_1args>                     | 19 4a fe ff ff 
474   ->   476 | 3   | push <rax>                               |  0  2  0 
477   ->   479 | 3   | push <rex>                               |  0  2  4 
480   ->   489 | 10  | push <3>                                 |  0  1  0  0  0  0  0  0  8 40 
490   ->   490 | 1   | sub                                      |  6 
491   ->   493 | 3   | pop <rex>                                |  1  2  4 
494   ->   496 | 3   | pop <rax>                                |  1  2  0 
497   ->   497 | 1   | ret                                      | 1a 
x     ->     x | 0   | lbl_30_10_cont__AFMCD:    | 
498   ->   500 | 3   | push <rex>                               |  0  2  4 
501   ->   510 | 10  | push <3>                                 |  0  1  0  0  0  0  0  0  8 40 
511   ->   511 | 1   | sub                                      |  6 
512   ->   514 | 3   | pop <rex>                                |  1  2  4 
x     ->     x | 0   | lbl_29_6_cont__HBRCK:     | 
515   ->   525 | 11  | push <[rex+1]>                           |  0  7  0  0  0  0  0  0 f0 3f  4 
526   ->   536 | 11  | push <[rex+1]>                           |  0  7  0  0  0  0  0  0 f0 3f  4 
537   ->   537 | 1   | mul                                      |  7 
538   ->   547 | 10  | push <4>                                 |  0  1  0  0  0  0  0  0 10 40 
548   ->   558 | 11  | push <[rex+0]>                           |  0  7  0  0  0  0  0  0  0  0  4 
559   ->   569 | 11  | push <[rex+2]>                           |  0  7  0  0  0  0  0  0  0 40  4 
570   ->   570 | 1   | mul                                      |  7 
571   ->   571 | 1   | mul                                      |  7 
572   ->   572 | 1   | sub                                      |  6 
573   ->   583 | 11  | pop <[rex+3]>                            |  1  7  0  0  0  0  0  0  8 40  4 
584   ->   594 | 11  | push <[rex+3]>                           |  0  7  0  0  0  0  0  0  8 40  4 
595   ->   604 | 10  | push <0>                                 |  0  1  0  0  0  0  0  0  0  0 
605   ->   605 | 1   | gr                                       | 22 
606   ->   615 | 10  | push <0>                                 |  0  1  0  0  0  0  0  0  0  0 
616   ->   620 | 5   | je <lbl_41_6_else__JTNDV>                | 12 f2  0  0  0 
621   ->   630 | 10  | push <4>                                 |  0  1  0  0  0  0  0  0 10 40 
631   ->   633 | 3   | push <rex>                               |  0  2  4 
634   ->   634 | 1   | add                                      |  5 
635   ->   637 | 3   | pop <rex>                                |  1  2  4 
638   ->   648 | 11  | push <[rex-1]>                           |  0  7  0  0  0  0  0  0 f0 bf  4 
649   ->   658 | 10  | push <2>                                 |  0  1  0  0  0  0  0  0  0 40 
659   ->   659 | 1   | pow                                      |  c 
660   ->   670 | 11  | pop <[rex-1]>                            |  1  7  0  0  0  0  0  0 f0 bf  4 
671   ->   681 | 11  | push <[rex-1]>                           |  0  7  0  0  0  0  0  0 f0 bf  4 
682   ->   692 | 11  | push <[rex-3]>                           |  0  7  0  0  0  0  0  0  8 c0  4 
693   ->   693 | 1   | sub                                      |  6 
694   ->   703 | 10  | push <2>                                 |  0  1  0  0  0  0  0  0  0 40 
704   ->   714 | 11  | push <[rex-4]>                           |  0  7  0  0  0  0  0  0 10 c0  4 
715   ->   715 | 1   | mul                                      |  7 
716   ->   716 | 1   | div                                      |  8 
717   ->   727 | 11  | pop <[rex+0]>                            |  1  7  0  0  0  0  0  0  0  0  4 
728   ->   737 | 10  | push <1>                                 |  0  1  0  0  0  0  0  0 f0 3f 
738   ->   747 | 10  | push <-1>                                |  0  1  0  0  0  0  0  0 f0 bf 
748   ->   748 | 1   | mul                                      |  7 
749   ->   759 | 11  | push <[rex-1]>                           |  0  7  0  0  0  0  0  0 f0 bf  4 
760   ->   760 | 1   | mul                                      |  7 
761   ->   771 | 11  | push <[rex-3]>                           |  0  7  0  0  0  0  0  0  8 c0  4 
772   ->   772 | 1   | sub                                      |  6 
773   ->   782 | 10  | push <2>                                 |  0  1  0  0  0  0  0  0  0 40 
783   ->   793 | 11  | push <[rex-4]>                           |  0  7  0  0  0  0  0  0 10 c0  4 
794   ->   794 | 1   | mul                                      |  7 
795   ->   795 | 1   | div                                      |  8 
796   ->   806 | 11  | pop <[rex+1]>                            |  1  7  0  0  0  0  0  0 f0 3f  4 
807   ->   811 | 5   | call <two_sol_2args>                     | 19 1b fd ff ff 
812   ->   814 | 3   | push <rax>                               |  0  2  0 
815   ->   817 | 3   | push <rex>                               |  0  2  4 
818   ->   827 | 10  | push <4>                                 |  0  1  0  0  0  0  0  0 10 40 
828   ->   828 | 1   | sub                                      |  6 
829   ->   831 | 3   | pop <rex>                                |  1  2  4 
832   ->   834 | 3   | pop <rax>                                |  1  2  0 
835   ->   835 | 1   | ret                                      | 1a 
836   ->   838 | 3   | push <rex>                               |  0  2  4 
839   ->   848 | 10  | push <4>                                 |  0  1  0  0  0  0  0  0 10 40 
849   ->   849 | 1   | sub                                      |  6 
850   ->   852 | 3   | pop <rex>                                |  1  2  4 
853   ->   857 | 5   | jmp <lbl_41_6_cont__BCITC>               |  f ce  0  0  0 
x     ->     x | 0   | lbl_41_6_else__JTNDV:     | 
858   ->   867 | 10  | push <4>                                 |  0  1  0  0  0  0  0  0 10 40 
868   ->   870 | 3   | push <rex>                               |  0  2  4 
871   ->   871 | 1   | add                                      |  5 
872   ->   874 | 3   | pop <rex>                                |  1  2  4 
875   ->   885 | 11  | push <[rex-1]>                           |  0  7  0  0  0  0  0  0 f0 bf  4 
886   ->   895 | 10  | push <0>                                 |  0  1  0  0  0  0  0  0  0  0 
896   ->   896 | 1   | eq                                       | 27 
897   ->   906 | 10  | push <0>                                 |  0  1  0  0  0  0  0  0  0  0 
907   ->   911 | 5   | je <lbl_45_10_else__RUTSN>               | 12 6a  0  0  0 
912   ->   921 | 10  | push <1>                                 |  0  1  0  0  0  0  0  0 f0 3f 
922   ->   931 | 10  | push <-1>                                |  0  1  0  0  0  0  0  0 f0 bf 
932   ->   932 | 1   | mul                                      |  7 
933   ->   943 | 11  | push <[rex-3]>                           |  0  7  0  0  0  0  0  0  8 c0  4 
944   ->   944 | 1   | mul                                      |  7 
945   ->   954 | 10  | push <2>                                 |  0  1  0  0  0  0  0  0  0 40 
955   ->   965 | 11  | push <[rex-4]>                           |  0  7  0  0  0  0  0  0 10 c0  4 
966   ->   966 | 1   | mul                                      |  7 
967   ->   967 | 1   | div                                      |  8 
968   ->   978 | 11  | pop <[rex+0]>                            |  1  7  0  0  0  0  0  0  0  0  4 
979   ->   983 | 5   | call <one_sol_1args>                     | 19 4c fc ff ff 
984   ->   986 | 3   | push <rax>                               |  0  2  0 
987   ->   989 | 3   | push <rex>                               |  0  2  4 
990   ->   999 | 10  | push <4>                                 |  0  1  0  0  0  0  0  0 10 40 
1000  ->  1000 | 1   | sub                                      |  6 
1001  ->  1003 | 3   | pop <rex>                                |  1  2  4 
1004  ->  1006 | 3   | pop <rax>                                |  1  2  0 
1007  ->  1007 | 1   | ret                                      | 1a 
1008  ->  1012 | 5   | jmp <lbl_45_10_cont__HIBAF>              |  f 22  0  0  0 
x     ->     x | 0   | lbl_45_10_else__RUTSN:    | 
1013  ->  1017 | 5   | call <no_sol_0args>                      | 19 7f fc ff ff 
1018  ->  1020 | 3   | push <rax>                               |  0  2  0 
1021  ->  1023 | 3   | push <rex>                               |  0  2  4 
1024  ->  1033 | 10  | push <4>                                 |  0  1  0  0  0  0  0  0 10 40 
1034  ->  1034 | 1   | sub                                      |  6 
1035  ->  1037 | 3   | pop <rex>                                |  1  2  4 
1038  ->  1040 | 3   | pop <rax>                                |  1  2  0 
1041  ->  1041 | 1   | ret                                      | 1a 
x     ->     x | 0   | lbl_45_10_cont__HIBAF:    | 
1042  ->  1044 | 3   | push <rex>                               |  0  2  4 
1045  ->  1054 | 10  | push <4>                                 |  0  1  0  0  0  0  0  0 10 40 
1055  ->  1055 | 1   | sub                                      |  6 
1056  ->  1058 | 3   | pop <rex>                                |  1  2  4 
x     ->     x | 0   | lbl_41_6_cont__BCITC:     | 
1059  ->  1059 | 1   | ret                                      | 1a 
x     ->     x | 0   | giveYouUp_0args_guard:    | 
1060  ->  1071 | 12  | mov <rex><0>                             | 1b  2  4  1  0  0  0  0  0  0  0  0 
1072  ->  1076 | 5   | call <giveYouUp_0args>                   | 19 82 fc ff ff 
1077  ->  1077 | 1   | hlt                                      |  d 
